2025-03-26 18:52:41.301: [INFO] VisibilityChanged: 0
2025-03-26 18:52:41.363: [INFO] RecordSyncInitDurationhas_sync_been_enabled: 0 state: 0
2025-03-26 18:52:41.363: [INFO] RecordSyncInitDurationhas_sync_been_enabled: 0 state: 0
2025-03-26 18:52:41.364: [INFO] RecordSyncInitDurationhas_sync_been_enabled: 0 state: 0
2025-03-26 18:52:41.364: [INFO] RecordSyncInitDurationhas_sync_been_enabled: 0 state: 0
2025-03-26 18:52:41.364: [INFO] RecordSyncInitDurationhas_sync_been_enabled: 0 state: 0
2025-03-26 18:52:41.365: [INFO] RecordSyncInitDurationhas_sync_been_enabled: 0 state: 0
2025-03-26 18:52:41.365: [INFO] RecordSyncInitDurationhas_sync_been_enabled: 0 state: 0
2025-03-26 18:52:41.365: [INFO] RecordSyncInitDurationhas_sync_been_enabled: 0 state: 0
2025-03-26 18:52:41.366: [INFO] RecordSyncInitDurationhas_sync_been_enabled: 0 state: 0
2025-03-26 18:52:41.366: [INFO] RecordSyncInitDurationhas_sync_been_enabled: 0 state: 0
2025-03-26 18:52:41.366: [INFO] RecordSyncInitDurationhas_sync_been_enabled: 0 state: 0
2025-03-26 18:52:41.394: [INFO] BookmarkModelLoaded, ids_reassigned: 0
2025-03-26 18:52:41.394: [INFO] OnDoneLoading sync enabled: 0
2025-03-26 18:52:41.541: [INFO] RecordSyncInitDurationhas_sync_been_enabled: 0 state: 0
2025-03-26 18:52:42.799: [INFO] RecordSyncInitDurationhas_sync_been_enabled: 0 state: 0
2025-03-26 18:52:42.801: [INFO] Primary account changed.
2025-03-26 18:52:42.801: [INFO] OnPrimaryAccountChangedPrimaryAccountChangeEvent::Type::kSet
2025-03-26 18:52:42.803: [INFO] RecordSyncInitDurationhas_sync_been_enabled: 0 state: 0
2025-03-26 18:52:42.804: [INFO] RecordSyncInitDurationhas_sync_been_enabled: 0 state: 0
2025-03-26 18:56:45.031: [INFO] VisibilityChanged: 0
2025-03-26 18:56:45.099: [INFO] BookmarkModelLoaded, ids_reassigned: 0
2025-03-26 18:56:45.099: [INFO] OnDoneLoading sync enabled: 0
